{
  "timestamp": "2025-11-03 15:46:40.417692",
  "device_info": {
    "serial_number": "AEsASzgwUAUgOTdX",
    "model": "0",
    "git_hash": "af9e99ec707003d1b6d4b0e8597c1665d7983f92",
    "git_dirty": false,
    "git_timestamp": 1753123071,
    "uuid": "1c04ad8f-95e7-4fba-8211-d80f527b9d0e"
  },
  "calibration": {
    "invert": false,
    "phase_invert": false,
    "poles": 28,
    "offset": [
      -1.6460599224848238,
      -1.6886385060129352,
      -1.7245185100554308,
      -1.7518183559871843,
      -1.779011934775597,
      -1.7859750095385016,
      -1.7868574333595593,
      -1.7704763870043034,
      -1.7402628099284896,
      -1.7077452898708896,
      -1.6731400506446763,
      -1.6364929975773335,
      -1.6054906751004494,
      -1.5754233741877148,
      -1.5660035992859864,
      -1.5718344562293773,
      -1.587736747979349,
      -1.6126395867359216,
      -1.639621575134198,
      -1.6628084153351002,
      -1.6815122290701132,
      -1.6777000131537934,
      -1.6645326548570774,
      -1.6409963713980562,
      -1.615337811485186,
      -1.5907260243724695,
      -1.562922981769025,
      -1.5428557913706897,
      -1.536304960747744,
      -1.5398436034630636,
      -1.5592471153012193,
      -1.5867995270719648,
      -1.620572570532842,
      -1.665406971757713,
      -1.7029599785192941,
      -1.72818610942664,
      -1.7451468065987326,
      -1.7409247846918785,
      -1.7330290093885428,
      -1.7197056636470045,
      -1.6983730713876783,
      -1.674482658355946,
      -1.6490746187497902,
      -1.6307769777614425,
      -1.6254023047874342,
      -1.6180277841590962,
      -1.6232309288787543,
      -1.6328094246758231,
      -1.645645828421233,
      -1.6620363689633548,
      -1.6676455571800552,
      -1.669436954211723,
      -1.6735536491543548,
      -1.6670227135176081,
      -1.6601428777005458,
      -1.6434706696306272,
      -1.625967502914805,
      -1.6120028349367608,
      -1.5932595688247162,
      -1.5826571143871335,
      -1.5837460760580908,
      -1.5837348599287946,
      -1.5975713213340708,
      -1.6179600009603492
    ],
    "fit_metric": 4.060131073001827,
    "current_quality_factor": 286.5463166525402
  },
  "winding_resistance": 0.10231336793652712,
  "inductance": 3.309284925858499e-05,
  "pid_dq_kp": 0.04158570084685002,
  "pid_dq_ki": 128.57077002936924,
  "torque_bw_hz": 200.0,
  "encoder_filter_bw_hz": 200.0,
  "encoder_filter_kp": 1013.4169850289654,
  "encoder_filter_ki": 256753.49638629958,
  "kv": 293.5191220020945,
  "unwrapped_position_scale": 1.0,
  "motor_position_output_sign": 1.0,
  "abi_version": 268,
  "voltage_mode_control": false,
  "py_version": "0.3.95"
}
