{
  "timestamp": "2025-11-03 16:19:35.115873",
  "device_info": {
    "serial_number": "AEsASzgwUAUgOTdX",
    "model": "0",
    "git_hash": "af9e99ec707003d1b6d4b0e8597c1665d7983f92",
    "git_dirty": false,
    "git_timestamp": 1753123071,
    "uuid": "1c04ad8f-95e7-4fba-8211-d80f527b9d0e"
  },
  "calibration": {
    "invert": false,
    "phase_invert": true,
    "poles": 28,
    "offset": [
      1.575930802216836,
      1.5765599234699315,
      1.5715057100140883,
      1.5625358860703429,
      1.5600872559749444,
      1.5637200599372774,
      1.5613490992682848,
      1.5542041039493033,
      1.5517020607141945,
      1.5586513677881844,
      1.5685423492246438,
      1.5718092358211035,
      1.5715657246539667,
      1.5734740727225172,
      1.5801737281630768,
      1.588610332804644,
      1.5870294609588032,
      1.5818598038496476,
      1.5849164210156523,
      1.592531288571788,
      1.5921253663652437,
      1.5833635955218865,
      1.5730186475900823,
      1.5668365592500098,
      1.5624986725859005,
      1.551605639940964,
      1.534185610342491,
      1.5180146336800442,
      1.5032289097182026,
      1.4878926514349262,
      1.4673601077135043,
      1.4453556224468345,
      1.4214814267322584,
      1.399184161472098,
      1.3825590644436565,
      1.3655590204226018,
      1.3477918559448765,
      1.3309806365894896,
      1.316369139482529,
      1.3094508586786362,
      1.3063669222575596,
      1.2988778685976399,
      1.29948174029973,
      1.3060201269088219,
      1.3176594523695868,
      1.3285751551795026,
      1.3373895533907678,
      1.354075776044997,
      1.373975336450018,
      1.3923720314146648,
      1.4115887740730235,
      1.432838663298171,
      1.4582708338660384,
      1.4786135712363029,
      1.4966617993338631,
      1.51612197112335,
      1.535521114599706,
      1.5504217627752728,
      1.5617057127910092,
      1.57118211183482,
      1.581635574995254,
      1.5879425371226519,
      1.5836646508289036,
      1.5780298130102304
    ],
    "fit_metric": 5.039327607351703,
    "current_quality_factor": 262.1606893804654
  },
  "winding_resistance": 0.10345516308611638,
  "inductance": 3.186628399043579e-05,
  "pid_dq_kp": 0.040044353472623646,
  "pid_dq_ki": 130.00559213091088,
  "torque_bw_hz": 200.0,
  "encoder_filter_bw_hz": 200.0,
  "encoder_filter_kp": 1013.4169850289654,
  "encoder_filter_ki": 256753.49638629958,
  "kv": 270.7028930377143,
  "unwrapped_position_scale": 1.0,
  "motor_position_output_sign": 1.0,
  "abi_version": 268,
  "voltage_mode_control": false,
  "py_version": "0.3.95"
}
