{
  "timestamp": "2025-11-05 16:46:25.442777",
  "device_info": {
    "serial_number": "AEsASzgwUAUgOTdX",
    "model": "0",
    "git_hash": "af9e99ec707003d1b6d4b0e8597c1665d7983f92",
    "git_dirty": false,
    "git_timestamp": 1753123071,
    "uuid": "1c04ad8f-95e7-4fba-8211-d80f527b9d0e"
  },
  "calibration": {
    "invert": false,
    "phase_invert": false,
    "poles": 28,
    "offset": [
      -2.509609839699662,
      -2.521147985000484,
      -2.5356167710045363,
      -2.55014230891431,
      -2.5587756719665866,
      -2.564361143000023,
      -2.5738318968580183,
      -2.577901371115865,
      -2.578066741065588,
      -2.5729346151398014,
      -2.5688487259986013,
      -2.56548033161442,
      -2.5610109956492,
      -2.5521724868551514,
      -2.548500239540778,
      -2.545176748116154,
      -2.5429566997607855,
      -2.5381844529457207,
      -2.535192859801289,
      -2.5363685630070867,
      -2.538410187621763,
      -2.5421400150200415,
      -2.5472148103660044,
      -2.5506326056809376,
      -2.554438424368011,
      -2.5604537674331316,
      -2.567664440813725,
      -2.574516131704033,
      -2.5802042639252596,
      -2.5894424962665474,
      -2.6034135172080837,
      -2.614694037595226,
      -2.6217847823689233,
      -2.62461877831747,
      -2.6270699038488634,
      -2.630373239970554,
      -2.6301544958133247,
      -2.6222687539723446,
      -2.613631604443294,
      -2.599752656125986,
      -2.584994253824587,
      -2.5667700364467962,
      -2.546420635352734,
      -2.5285677114433467,
      -2.514257540331839,
      -2.501686460335022,
      -2.4914459573205825,
      -2.4780162989825674,
      -2.470269870346423,
      -2.4666731779899016,
      -2.462037089629414,
      -2.4545471300903188,
      -2.4499981458893227,
      -2.447145159002832,
      -2.448236352601937,
      -2.4440492580387128,
      -2.44127351213437,
      -2.441504250623473,
      -2.445851299022788,
      -2.4518808674836112,
      -2.4575775758743355,
      -2.4669706327935232,
      -2.4833057752350434,
      -2.495694577724669
    ],
    "fit_metric": 4.8473656255802196,
    "current_quality_factor": 343.2088477674362
  },
  "winding_resistance": 0.10501443870242731,
  "inductance": 3.202622036346526e-05,
  "pid_dq_kp": 0.040245335446444125,
  "pid_dq_ki": 131.96503565936052,
  "torque_bw_hz": 200.0,
  "encoder_filter_bw_hz": 200.0,
  "encoder_filter_kp": 1013.4169850289654,
  "encoder_filter_ki": 256753.49638629958,
  "kv": 276.8938284431289,
  "unwrapped_position_scale": 1.0,
  "motor_position_output_sign": 1.0,
  "abi_version": 268,
  "voltage_mode_control": false,
  "py_version": "0.3.95"
}
