{
  "timestamp": "2025-11-01 21:23:33.593642",
  "device_info": {
    "serial_number": "AEsASzgwUAUgOTdX",
    "model": "0",
    "git_hash": "af9e99ec707003d1b6d4b0e8597c1665d7983f92",
    "git_dirty": false,
    "git_timestamp": 1753123071,
    "uuid": "1c04ad8f-95e7-4fba-8211-d80f527b9d0e"
  },
  "calibration": {
    "invert": false,
    "phase_invert": false,
    "poles": 28,
    "offset": [
      -1.5291878388820586,
      -1.5489111952928756,
      -1.5593938328261592,
      -1.5649286816477048,
      -1.5736552452338433,
      -1.5804084168163441,
      -1.5899624842046052,
      -1.5901279691867076,
      -1.5821759001414288,
      -1.58557118065964,
      -1.5842788536322518,
      -1.578414454219775,
      -1.5700931344535027,
      -1.5548592369235488,
      -1.5494008329071585,
      -1.5428593560346167,
      -1.534838351493454,
      -1.527455048940373,
      -1.5150190007221958,
      -1.508095764000315,
      -1.5048214934195534,
      -1.4930864136410373,
      -1.4875818654331618,
      -1.4796193541676201,
      -1.473569498902213,
      -1.4757554309027854,
      -1.4720224944475726,
      -1.472291482485226,
      -1.4761653745877266,
      -1.4799732123808977,
      -1.4953352360826375,
      -1.50661665468717,
      -1.5118092762465518,
      -1.5235123503484542,
      -1.5346444181708743,
      -1.5484448888370046,
      -1.5588944787922079,
      -1.5572633225122514,
      -1.56114732460859,
      -1.5698187581796488,
      -1.5710677708134626,
      -1.567033493890365,
      -1.5548041479469001,
      -1.5482567730040377,
      -1.5498047434566802,
      -1.5390745368204173,
      -1.525735085975267,
      -1.5176546533004365,
      -1.5160103770375937,
      -1.516550711960182,
      -1.5033433488415666,
      -1.4903875139038074,
      -1.48968268604077,
      -1.4859354663427045,
      -1.486217551065252,
      -1.4773517509185337,
      -1.474504258639993,
      -1.4835261098103123,
      -1.4797229334183248,
      -1.482072877284521,
      -1.4905228043577223,
      -1.4960274794582393,
      -1.5095912720654026,
      -1.5189505479093806
    ],
    "fit_metric": 4.434554436694563,
    "current_quality_factor": 304.65670502054087
  },
  "winding_resistance": 0.1045461482394664,
  "inductance": 2.9678322177549033e-05,
  "pid_dq_kp": 0.03729487956954363,
  "pid_dq_ki": 131.37656450808686,
  "torque_bw_hz": 200.0,
  "encoder_filter_bw_hz": 200.0,
  "encoder_filter_kp": 1013.4169850289654,
  "encoder_filter_ki": 256753.49638629958,
  "kv": 257.05609087202686,
  "unwrapped_position_scale": 1.0,
  "motor_position_output_sign": 1.0,
  "abi_version": 268,
  "voltage_mode_control": false,
  "py_version": "0.3.95"
}
