{
  "timestamp": "2025-11-01 21:21:23.312634",
  "device_info": {
    "serial_number": "AEsASzgwUAUgOTdX",
    "model": "0",
    "git_hash": "af9e99ec707003d1b6d4b0e8597c1665d7983f92",
    "git_dirty": false,
    "git_timestamp": 1753123071,
    "uuid": "1c04ad8f-95e7-4fba-8211-d80f527b9d0e"
  },
  "calibration": {
    "invert": false,
    "phase_invert": false,
    "poles": 28,
    "offset": [
      -1.161299388239208,
      -1.1787114654784336,
      -1.1873544624613523,
      -1.1992329579079728,
      -1.2138782132699906,
      -1.230320280715639,
      -1.24771872319676,
      -1.2521680911386845,
      -1.2609873356479775,
      -1.2774115447491239,
      -1.2894551990109275,
      -1.2985804806319208,
      -1.3013444977328068,
      -1.3054640437948941,
      -1.31642136185293,
      -1.3195032385351038,
      -1.316475045496793,
      -1.3208431778998497,
      -1.31683986850668,
      -1.3164705496891693,
      -1.3097002881038167,
      -1.3020861079885289,
      -1.2979139026508044,
      -1.2886793905950615,
      -1.2777112298019937,
      -1.2738501032984382,
      -1.265234943194845,
      -1.2619039404670866,
      -1.256493553737444,
      -1.2527211530885087,
      -1.261220919431379,
      -1.2659284138591442,
      -1.2646700947186686,
      -1.2742243173930319,
      -1.2815884333206917,
      -1.2930409156850122,
      -1.3028928181904327,
      -1.306094460126586,
      -1.3133169890664194,
      -1.318746689694665,
      -1.3208496910589071,
      -1.321452750423615,
      -1.3115804733381877,
      -1.3135328885569526,
      -1.3168812962808027,
      -1.3098947127570533,
      -1.30160216243285,
      -1.2920992010273646,
      -1.287597598397465,
      -1.2812134768600683,
      -1.2628609789665999,
      -1.2518869479203052,
      -1.2411236866410984,
      -1.2271780664105292,
      -1.2143456188815778,
      -1.1958427420045588,
      -1.1805255596036208,
      -1.1745273290194511,
      -1.1604469706160718,
      -1.1513839006785977,
      -1.1480791689612895,
      -1.1458410282835696,
      -1.1489681468299853,
      -1.1527677608467317
    ],
    "fit_metric": 4.433298950955296,
    "current_quality_factor": 407.90781572687797
  },
  "winding_resistance": 0.1056085322241106,
  "inductance": 3.243199299301675e-05,
  "pid_dq_kp": 0.04075524437125482,
  "pid_dq_ki": 132.7115955966667,
  "torque_bw_hz": 200.0,
  "encoder_filter_bw_hz": 200.0,
  "encoder_filter_kp": 1013.4169850289654,
  "encoder_filter_ki": 256753.49638629958,
  "kv": 277.7657708631751,
  "unwrapped_position_scale": 1.0,
  "motor_position_output_sign": 1.0,
  "abi_version": 268,
  "voltage_mode_control": false,
  "py_version": "0.3.95"
}
